Last Updated: Wed Mar 18 05:20:31 UTC 2026
Last Updated: Thu Mar 19 05:15:20 UTC 2026
Last Updated: Fri Mar 20 05:08:16 UTC 2026
Last Updated: Sat Mar 21 04:53:44 UTC 2026
Last Updated: Sun Mar 22 05:11:58 UTC 2026
Last Updated: Mon Mar 23 05:47:16 UTC 2026
Last Updated: Tue Mar 24 05:15:23 UTC 2026
Last Updated: Wed Mar 25 05:16:20 UTC 2026
Last Updated: Thu Mar 26 05:51:02 UTC 2026
Last Updated: Fri Mar 27 05:51:18 UTC 2026
Last Updated: Sat Mar 28 05:14:23 UTC 2026
Last Updated: Sun Mar 29 05:53:36 UTC 2026
Last Updated: Mon Mar 30 06:17:14 UTC 2026
Last Updated: Tue Mar 31 05:56:00 UTC 2026
Last Updated: Wed Apr  1 06:12:31 UTC 2026
Last Updated: Thu Apr  2 05:50:03 UTC 2026
Last Updated: Fri Apr  3 05:50:33 UTC 2026
Last Updated: Sat Apr  4 05:13:59 UTC 2026
Last Updated: Sun Apr  5 05:55:41 UTC 2026
Last Updated: Mon Apr  6 06:17:36 UTC 2026
Last Updated: Tue Apr  7 05:58:25 UTC 2026
Last Updated: Wed Apr  8 06:00:23 UTC 2026
Last Updated: Thu Apr  9 05:59:17 UTC 2026
Last Updated: Fri Apr 10 06:18:32 UTC 2026
Last Updated: Sat Apr 11 05:18:02 UTC 2026
Last Updated: Sun Apr 12 06:10:12 UTC 2026
Last Updated: Mon Apr 13 07:25:32 UTC 2026
Last Updated: Tue Apr 14 01:28:14 UTC 2026
Last Updated: Wed Apr 15 01:24:55 UTC 2026
Last Updated: Thu Apr 16 01:44:50 UTC 2026
Last Updated: Fri Apr 17 01:28:09 UTC 2026
Last Updated: Sat Apr 18 01:21:41 UTC 2026
Last Updated: Sun Apr 19 01:44:13 UTC 2026
Last Updated: Mon Apr 20 01:46:14 UTC 2026
Last Updated: Tue Apr 21 01:28:06 UTC 2026
Last Updated: Wed Apr 22 01:26:43 UTC 2026
Last Updated: Thu Apr 23 01:45:16 UTC 2026
Last Updated: Fri Apr 24 01:44:29 UTC 2026
Last Updated: Sat Apr 25 01:24:23 UTC 2026
Last Updated: Sun Apr 26 01:46:31 UTC 2026
Last Updated: Mon Apr 27 01:50:04 UTC 2026
Last Updated: Tue Apr 28 01:57:43 UTC 2026
Last Updated: Wed Apr 29 01:59:50 UTC 2026
Last Updated: Thu Apr 30 01:59:40 UTC 2026
Last Updated: Fri May  1 02:02:08 UTC 2026
Last Updated: Sat May  2 01:50:04 UTC 2026
Last Updated: Sun May  3 01:52:41 UTC 2026
Last Updated: Mon May  4 01:53:51 UTC 2026
Last Updated: Tue May  5 01:54:24 UTC 2026
Last Updated: Wed May  6 01:52:56 UTC 2026
Last Updated: Thu May  7 01:57:22 UTC 2026
Last Updated: Fri May  8 02:03:09 UTC 2026
Last Updated: Sat May  9 01:57:08 UTC 2026
Last Updated: Sun May 10 01:55:40 UTC 2026
Last Updated: Mon May 11 02:06:15 UTC 2026
Last Updated: Tue May 12 02:02:30 UTC 2026
Last Updated: Wed May 13 02:07:40 UTC 2026
Last Updated: Thu May 14 02:09:59 UTC 2026
Last Updated: Fri May 15 02:08:00 UTC 2026
Last Updated: Sat May 16 02:00:20 UTC 2026
Last Updated: Sun May 17 02:02:58 UTC 2026
Last Updated: Mon May 18 02:14:36 UTC 2026
Last Updated: Tue May 19 02:14:10 UTC 2026
Last Updated: Wed May 20 02:13:03 UTC 2026
Last Updated: Thu May 21 02:12:21 UTC 2026
Last Updated: Fri May 22 02:14:53 UTC 2026
Last Updated: Sat May 23 02:02:23 UTC 2026
Last Updated: Sun May 24 02:11:31 UTC 2026
Last Updated: Mon May 25 02:30:02 UTC 2026
Last Updated: Tue May 26 02:09:55 UTC 2026
Last Updated: Wed May 27 02:29:38 UTC 2026
Last Updated: Thu May 28 02:03:43 UTC 2026
Last Updated: Fri May 29 02:08:46 UTC 2026
Last Updated: Sat May 30 02:03:58 UTC 2026
Last Updated: Sun May 31 02:30:50 UTC 2026
Last Updated: Mon Jun  1 02:40:11 UTC 2026
Last Updated: Tue Jun  2 02:38:22 UTC 2026
Last Updated: Wed Jun  3 02:46:34 UTC 2026
Last Updated: Thu Jun  4 02:41:29 UTC 2026
Last Updated: Fri Jun  5 02:28:27 UTC 2026
Last Updated: Sat Jun  6 02:07:39 UTC 2026
Last Updated: Sun Jun  7 02:34:22 UTC 2026
Last Updated: Mon Jun  8 02:38:30 UTC 2026
Last Updated: Tue Jun  9 02:04:32 UTC 2026
Last Updated: Wed Jun 10 02:29:00 UTC 2026
Last Updated: Thu Jun 11 02:38:47 UTC 2026
Last Updated: Fri Jun 12 02:34:15 UTC 2026
Last Updated: Sat Jun 13 02:27:24 UTC 2026
Last Updated: Sun Jun 14 02:38:39 UTC 2026
Last Updated: Mon Jun 15 02:43:49 UTC 2026
Last Updated: Tue Jun 16 02:46:07 UTC 2026
Last Updated: Wed Jun 17 02:42:30 UTC 2026
Last Updated: Thu Jun 18 02:39:05 UTC 2026
Last Updated: Fri Jun 19 02:55:17 UTC 2026
Last Updated: Sat Jun 20 02:27:43 UTC 2026
Last Updated: Sun Jun 21 02:42:05 UTC 2026
Last Updated: Mon Jun 22 02:44:39 UTC 2026
Last Updated: Tue Jun 23 02:11:08 UTC 2026
Last Updated: Wed Jun 24 02:12:54 UTC 2026
Last Updated: Thu Jun 25 02:12:49 UTC 2026
Last Updated: Fri Jun 26 02:14:25 UTC 2026
Last Updated: Sat Jun 27 02:09:52 UTC 2026
Last Updated: Sun Jun 28 02:31:24 UTC 2026
Last Updated: Mon Jun 29 02:31:30 UTC 2026
Last Updated: Tue Jun 30 02:26:35 UTC 2026
Last Updated: Wed Jul  1 02:32:24 UTC 2026
Last Updated: Thu Jul  2 02:11:50 UTC 2026
Last Updated: Fri Jul  3 01:55:39 UTC 2026
Last Updated: Sat Jul  4 01:55:09 UTC 2026
Last Updated: Sun Jul  5 02:02:34 UTC 2026
Last Updated: Mon Jul  6 02:08:14 UTC 2026
Last Updated: Tue Jul  7 02:03:27 UTC 2026
Last Updated: Wed Jul  8 01:44:35 UTC 2026
Last Updated: Thu Jul  9 01:56:03 UTC 2026
Last Updated: Fri Jul 10 01:54:18 UTC 2026
Last Updated: Sat Jul 11 01:43:20 UTC 2026
Last Updated: Sun Jul 12 01:45:31 UTC 2026
Last Updated: Mon Jul 13 01:48:07 UTC 2026
Last Updated: Tue Jul 14 01:24:52 UTC 2026
Last Updated: Wed Jul 15 01:21:26 UTC 2026
Last Updated: Thu Jul 16 01:41:55 UTC 2026
Last Updated: Fri Jul 17 01:45:16 UTC 2026
Last Updated: Sat Jul 18 01:26:11 UTC 2026
Last Updated: Sun Jul 19 01:43:13 UTC 2026
Last Updated: Mon Jul 20 01:58:44 UTC 2026
Last Updated: Tue Jul 21 01:43:31 UTC 2026
Last Updated: Wed Jul 22 01:42:24 UTC 2026
Last Updated: Thu Jul 23 01:49:57 UTC 2026
Last Updated: Fri Jul 24 01:45:39 UTC 2026
Last Updated: Sat Jul 25 01:45:39 UTC 2026
Last Updated: Sun Jul 26 01:48:28 UTC 2026
Last Updated: Mon Jul 27 01:55:53 UTC 2026
Last Updated: Tue Jul 28 01:30:31 UTC 2026
Last Updated: Wed Jul 29 01:40:53 UTC 2026
Last Updated: Thu Jul 30 01:23:24 UTC 2026
Last Updated: Fri Jul 31 01:50:13 UTC 2026
Last Updated: Sat Aug  1 01:51:09 UTC 2026
Last Updated: Sun Aug  2 01:47:52 UTC 2026
Last Updated: Mon Aug  3 01:50:22 UTC 2026
Last Updated: Tue Aug  4 01:25:26 UTC 2026
Last Updated: Wed Aug  5 01:39:58 UTC 2026
Last Updated: Thu Aug  6 01:28:09 UTC 2026
Last Updated: Fri Aug  7 02:05:36 UTC 2026
Last Updated: Sat Aug  8 00:51:29 UTC 2026
Last Updated: Sun Aug  9 00:54:15 UTC 2026
Last Updated: Mon Aug 10 00:56:25 UTC 2026
Last Updated: Tue Aug 11 00:55:47 UTC 2026
Last Updated: Wed Aug 12 01:02:44 UTC 2026
Last Updated: Thu Aug 13 01:03:41 UTC 2026
Last Updated: Fri Aug 14 01:02:45 UTC 2026
Last Updated: Sat Aug 15 00:37:21 UTC 2026
Last Updated: Sun Aug 16 00:39:24 UTC 2026
Last Updated: Mon Aug 17 00:37:46 UTC 2026
Last Updated: Tue Aug 18 00:37:17 UTC 2026
Last Updated: Wed Aug 19 00:37:22 UTC 2026
Last Updated: Thu Aug 20 00:37:21 UTC 2026
